/TEST_OUTPUT/workspace/src/main.cpp
Diagnostics in File: 1
WARNING at L13:C38: Code will never be executed (Source: clang, Code: -Wunreachable-code)

 9|int main() {
...
11|
12|  // Intentional error: unreachable code
13|  std::cout << "This is unreachable" << std::endl;
14|}
