---

Symbol: TestStruct
/TEST_OUTPUT/workspace/src/types.cpp
Range: L6:C1 - L8:C2

6|struct TestStruct {
7|  int value;
8|};

