function helperFunction

â†’ void

void helperFunction()