function foo_bar

â†’ void
FooBar is a simple function for testing

void foo_bar()