No hover information available for this position on the following line:
// FooBar is a simple function for testing
